Microchip MPLAB XC8 Compiler V1.45 ()

Linker command line:

-W-3 --edf=C:\Program Files (x86)\Microchip\xc8\v1.45\dat\en_msgs.txt -cs \
  -h+dist/default/production\Hardware.X.production.sym \
  --cmf=dist/default/production\Hardware.X.production.cmf -z -Q18F4620 \
  -oC:\Users\Graham\AppData\Local\Temp\s8dg.2 \
  -Mdist/default/production/Hardware.X.production.map -E1 -ver=XC8 \
  -ASTACK=0248h-0f7fh -pstack=STACK -ACODE=00h-0FFFFh -ACONST=00h-0FFFFh \
  -ASMALLCONST=01000h-010FFhx240 -AMEDIUMCONST=01000h-0FFFFh \
  -ACOMRAM=01h-07Fh -AABS1=00h-0F7Fh -ABIGRAM=01h-0F7Fh \
  -ARAM=080h-0FFh,0100h-01FFhx14,0F00h-0F7Fh -ABANK0=080h-0FFh \
  -ABANK1=0100h-01FFh -ABANK2=0200h-02FFh -ABANK3=0300h-03FFh \
  -ABANK4=0400h-04FFh -ABANK5=0500h-05FFh -ABANK6=0600h-06FFh \
  -ABANK7=0700h-07FFh -ABANK8=0800h-08FFh -ABANK9=0900h-09FFh \
  -ABANK10=0A00h-0AFFh -ABANK11=0B00h-0BFFh -ABANK12=0C00h-0CFFh \
  -ABANK13=0D00h-0DFFh -ABANK14=0E00h-0EFFh -ABANK15=0F00h-0F7Fh \
  -ASFR=0F80h-0FFFh -preset_vec=00h,intcode=08h,intcodelo,powerup,init \
  -pramtop=01000h -psmallconst=SMALLCONST -pmediumconst=MEDIUMCONST \
  -pconst=CONST -AFARRAM=00h-00h -ACONFIG=0300000h-030000Dh -pconfig=CONFIG \
  -AIDLOC=0200000h-0200007h -pidloc=IDLOC -AEEDATA=0F00000h-0F003FFh \
  -peeprom_data=EEDATA \
  -prdata=COMRAM,nvrram=COMRAM,nvbit=COMRAM,rbss=COMRAM,rbit=COMRAM \
  -pfarbss=FARRAM,fardata=FARRAM,nvFARRAM=FARRAM \
  -pintsave_regs=BIGRAM,bigbss=BIGRAM,bigdata=BIGRAM -pbss=RAM \
  -pidata=CODE,irdata=CODE,ibigdata=CODE,ifardata=CODE -prparam=COMRAM \
  C:\Users\Graham\AppData\Local\Temp\s8dg.obj \
  dist/default/production\Hardware.X.production.obj 

Object code version is 3.11

Machine type is 18F4620

Call graph: (short form)




                Name                               Link     Load   Length Selector   Space Scale
C:\Users\Graham\AppData\Local\Temp\s8dg.obj
                init                                  E        E        4        4       0
                reset_vec                             0        0        4        0       0
                idloc                            200000   200000        8   200000       0
                config                           300000   300000        E   300000       0
dist/default/production\Hardware.X.production.obj
                intcode                               8        8        6        4       0
                temp                                 59       59        1        1       1
                mediumconst                        FC6E     FC6E      392     7E37       0
                text43                             1E6C     1E6C       AE        4       0
                text42                             1B10     1B10      1AC        4       0
                text41                             23E4     23E4       6E      FDF       0
                intcode_body                       1FBE     1FBE       A2      FDF       0
                text39                             21F8     21F8       82      FDF       0
                text38                             24BA     24BA       5E      FDF       0
                text37                             227A     227A       7E      FDF       0
                text36                             280C     280C       14      FDF       0
                text35                             256A     256A       4C      FDF       0
                text34                             2832     2832       12      FDF       0
                text33                             2780     2780       24      FDF       0
                text32                             2864     2864        8      FDF       0
                text31                             285C     285C        8      FDF       0
                text30                             2852     2852        A      FDF       0
                text29                             2372     2372       72      FDF       0
                text28                             275A     275A       26      FDF       0
                text27                             22F8     22F8       7A      FDF       0
                text26                             2518     2518       52      FDF       0
                text25                             27E2     27E2       16      FDF       0
                text24                             2060     2060       92      FDF       0
                text23                             1DB4     1DB4       B8        4       0
                text22                             1872     1872      29E        4       0
                text21                             26E0     26E0       2E      FDF       0
                text20                             27F8     27F8       14      FDF       0
                text19                             15AE     15AE      2C4        4       0
                text18                             263A     263A       3C      FDF       0
                text17                             27C6     27C6       1C      FDF       0
                text16                             25FA     25FA       40      FDF       0
                text15                             2734     2734       26      FDF       0
                text14                             26AE     26AE       32      FDF       0
                text13                               12       12      6F2        4       0
                text12                             1CBC     1CBC       F8        4       0
                text11                             27A4     27A4       22      FDF       0
                text10                             2820     2820       12      FDF       0
                text9                              2844     2844        E      FDF       0
                text8                               B48      B48      3C2        4       0
                text7                              2452     2452       68      FDF       0
                text6                               704      704      444        4       0
                text5                              2676     2676       38      FDF       0
                text4                              25B6     25B6       44      FDF       0
                text3                              12A0     12A0      30E        4       0
                text2                              270E     270E       26      FDF       0
                text1                               F0A      F0A      396        4       0
                text0                              2176     2176       82      FDF       0
                cstackCOMRAM                          1        1       33        1       1
                cstackBANK0                          80       80       79       80       1
                cstackBANK2                         200      200       48      200       1
                dataBANK1                           100      100       A3      100       1
                bssBANK1                            1A3      1A3       1A      100       1
                dataBANK0                            FD       FD        2       80       1
                bssBANK0                             F9       F9        4       80       1
                dataCOMRAM                           53       53        6        1       1
                bssCOMRAM                            34       34       1F        1       1
                cinit                              20F2     20F2       84      FDF       0
                idataBANK1                         1F1A     1F1A       A3        4       0
                idataBANK0                         2872     2872        2      FDF       0
                idataCOMRAM                        286C     286C        6      FDF       0

TOTAL           Name                               Link     Load   Length     Space
        CLASS   STACK          

        CLASS   CODE           
                intcode                               8        8        6         0
                init                                  E        E        4         0
                reset_vec                             0        0        4         0
                text43                             1E6C     1E6C       AE         0
                text42                             1B10     1B10      1AC         0
                text41                             23E4     23E4       6E         0
                intcode_body                       1FBE     1FBE       A2         0
                text39                             21F8     21F8       82         0
                text38                             24BA     24BA       5E         0
                text37                             227A     227A       7E         0
                text36                             280C     280C       14         0
                text35                             256A     256A       4C         0
                text34                             2832     2832       12         0
                text33                             2780     2780       24         0
                text32                             2864     2864        8         0
                text31                             285C     285C        8         0
                text30                             2852     2852        A         0
                text29                             2372     2372       72         0
                text28                             275A     275A       26         0
                text27                             22F8     22F8       7A         0
                text26                             2518     2518       52         0
                text25                             27E2     27E2       16         0
                text24                             2060     2060       92         0
                text23                             1DB4     1DB4       B8         0
                text22                             1872     1872      29E         0
                text21                             26E0     26E0       2E         0
                text20                             27F8     27F8       14         0
                text19                             15AE     15AE      2C4         0
                text18                             263A     263A       3C         0
                text17                             27C6     27C6       1C         0
                text16                             25FA     25FA       40         0
                text15                             2734     2734       26         0
                text14                             26AE     26AE       32         0
                text13                               12       12      6F2         0
                text12                             1CBC     1CBC       F8         0
                text11                             27A4     27A4       22         0
                text10                             2820     2820       12         0
                text9                              2844     2844        E         0
                text8                               B48      B48      3C2         0
                text7                              2452     2452       68         0
                text6                               704      704      444         0
                text5                              2676     2676       38         0
                text4                              25B6     25B6       44         0
                text3                              12A0     12A0      30E         0
                text2                              270E     270E       26         0
                text1                               F0A      F0A      396         0
                text0                              2176     2176       82         0
                cinit                              20F2     20F2       84         0
                idataBANK1                         1F1A     1F1A       A3         0
                idataBANK0                         2872     2872        2         0
                idataCOMRAM                        286C     286C        6         0

        CLASS   CONST          

        CLASS   SMALLCONST     

        CLASS   MEDIUMCONST    
                mediumconst                        FC6E     FC6E      392         0

        CLASS   COMRAM         
                temp                                 59       59        1         1
                cstackCOMRAM                          1        1       33         1
                dataCOMRAM                           53       53        6         1
                bssCOMRAM                            34       34       1F         1

        CLASS   ABS1           

        CLASS   BIGRAM         

        CLASS   RAM            

        CLASS   BANK0          
                cstackBANK0                          80       80       79         1
                dataBANK0                            FD       FD        2         1
                bssBANK0                             F9       F9        4         1

        CLASS   BANK1          
                dataBANK1                           100      100       A3         1
                bssBANK1                            1A3      1A3       1A         1

        CLASS   BANK2          
                cstackBANK2                         200      200       48         1

        CLASS   BANK3          

        CLASS   BANK4          

        CLASS   BANK5          

        CLASS   BANK6          

        CLASS   BANK7          

        CLASS   BANK8          

        CLASS   BANK9          

        CLASS   BANK10         

        CLASS   BANK11         

        CLASS   BANK12         

        CLASS   BANK13         

        CLASS   BANK14         

        CLASS   BANK15         

        CLASS   SFR            

        CLASS   FARRAM         

        CLASS   CONFIG         
                config                           300000   300000        E         0

        CLASS   IDLOC          
                idloc                            200000   200000        8         0

        CLASS   EEDATA         



SEGMENTS        Name                           Load    Length   Top    Selector   Space  Class

                reset_vec                      000000  000004  000004         0       0  CODE    
                cstackCOMRAM                   000001  000059  00005A         1       1  COMRAM  
                intcode                        000008  001FB5  001FBD         4       0  CODE    
                cstackBANK0                    000080  00007F  0000FF        80       1  BANK0   
                dataBANK1                      000100  0000BD  0001BD       100       1  BANK1   
                cstackBANK2                    000200  000048  000248       200       1  BANK2   
                intcode_body                   001FBE  0008B6  002874       FDF       0  CODE    
                mediumconst                    00FC6E  000392  010000      7E37       0  MEDIUMCO
                idloc                          200000  000008  200008    200000       0  IDLOC   
                config                         300000  00000E  30000E    300000       0  CONFIG  


UNUSED ADDRESS RANGES

        Name                Unused          Largest block    Delta
        BANK0            0000FF-0000FF                1
        BANK1            0001BD-0001FF               43
        BANK10           000A00-000AFF              100
        BANK11           000B00-000BFF              100
        BANK12           000C00-000CFF              100
        BANK13           000D00-000DFF              100
        BANK14           000E00-000EFF              100
        BANK15           000F00-000F7F               80
        BANK2            000248-0002FF               B8
        BANK3            000300-0003FF              100
        BANK4            000400-0004FF              100
        BANK5            000500-0005FF              100
        BANK6            000600-0006FF              100
        BANK7            000700-0007FF              100
        BANK8            000800-0008FF              100
        BANK9            000900-0009FF              100
        BIGRAM           00005A-00007F               26
                         0000FF-0000FF                1
                         0001BD-0001FF               43
                         000248-000F7F              D38
        CODE             000004-000007                4
                         001FBD-001FBD                1
                         002874-00FC6D             D3FA
        COMRAM           00005A-00007F               26
        CONST            000004-000007                4
                         001FBD-001FBD                1
                         002874-00FC6D             D3FA
        EEDATA           F00000-F003FF              400
        MEDIUMCONST      001FBD-001FBD                1
                         002874-00FC6D             D3FA
        RAM              0000FF-0000FF                1
                         0001BD-0001FF               43
                         000248-000F7F              100
        SFR              000F80-000FFF               80
        SMALLCONST       001FBD-001FBD                1
                         002874-00FC6D              100
        STACK            000248-000F7F              D38

                                  Symbol Table

?_RTC_getOperatingTime          cstackBANK0  00008B
?_RTC_getSeconds                cstackCOMRAM 00002D
?___ftadd                       cstackCOMRAM 000009
?___ftpack                      cstackCOMRAM 000001
?___fttol                       cstackCOMRAM 00002A
?___lldiv                       cstackCOMRAM 000027
?___llmod                       cstackBANK0  000080
?___wmul                        cstackCOMRAM 000027
?__doprnt                       cstackBANK0  000089
?_printf                        cstackBANK0  00009B
?_sprintf                       cstackBANK0  00009B
?_tock                          cstackCOMRAM 000027
I2C_Master_Init@clockFreq       cstackBANK0  000080
I2C_Master_Read@ackBit          cstackCOMRAM 000028
I2C_Master_Read@receivedByte    cstackCOMRAM 000029
I2C_Master_Write@byteToWrite    cstackCOMRAM 000028
I2C_Send@address                cstackCOMRAM 00002F
I2C_Send@data                   cstackCOMRAM 00002A
I2C_Send@i                      cstackCOMRAM 000030
RTC_getSeconds@seconds          cstackBANK0  000087
RTC_getSeconds@time             cstackBANK0  000080
RTC_getTime@i                   cstackCOMRAM 00002C
RTC_getTime@time                cstackCOMRAM 00002A
_ADCON0                         (abs)        000FC2
_ADCON1                         (abs)        000FC1
_I2C_Master_Init                text38       0024BA
_I2C_Master_Read                text33       002780
_I2C_Master_Start               text32       002864
_I2C_Master_Stop                text31       00285C
_I2C_Master_Wait                text34       002832
_I2C_Master_Write               text30       002852
_I2C_Send                       text24       002060
_INTCONbits                     (abs)        000FF2
_LATA                           (abs)        000F89
_LATB                           (abs)        000F8A
_LATBbits                       (abs)        000F8A
_LATC                           (abs)        000F8B
_LATCbits                       (abs)        000F8B
_LATD                           (abs)        000F8C
_LATDbits                       (abs)        000F8C
_LATE                           (abs)        000F8D
_LATEbits                       (abs)        000F8D
_LCDMenuIcons                   mediumconst  00FCA8
_LCD_HORZ_LIMIT                 mediumconst  00FCC3
_LCD_LEFT                       mediumconst  00FCBE
_LCD_RIGHT                      mediumconst  00FCBF
_LCD_SIZE_HORZ                  mediumconst  00FCC1
_LCD_SIZE_VERT                  mediumconst  00FCC0
_LCD_VERT_LIMIT                 mediumconst  00FCC2
_LCDinterruptState              bssCOMRAM    000052
_PORTAbits                      (abs)        000F80
_PORTB                          (abs)        000F81
_PORTBbits                      (abs)        000F81
_RTC_getOperatingTime           text26       002518
_RTC_getSeconds                 text27       0022F8
_RTC_getTime                    text29       002372
_RTC_startOperation             text25       0027E2
_SSPADD                         (abs)        000FC8
_SSPBUF                         (abs)        000FC9
_SSPCON1                        (abs)        000FC6
_SSPCON1bits                    (abs)        000FC6
_SSPCON2                        (abs)        000FC5
_SSPCON2bits                    (abs)        000FC5
_SSPSTAT                        (abs)        000FC7
_STOP                           (abs)        007E3C
_T0CONbits                      (abs)        000FD5
_T0IE                           (abs)        007F95
_T0IF                           (abs)        007F92
_TMR0H                          (abs)        000FD7
_TMR0IE                         (abs)        007F95
_TMR0L                          (abs)        000FD6
_TRISA                          (abs)        000F92
_TRISB                          (abs)        000F93
_TRISC                          (abs)        000F94
_TRISCbits                      (abs)        000F94
_TRISD                          (abs)        000F95
_TRISE                          (abs)        000F96
__CFG_BOREN$SBORDIS             (abs)        000000
__CFG_BORV$3                    (abs)        000000
__CFG_CCP2MX$PORTC              (abs)        000000
__CFG_CP0$OFF                   (abs)        000000
__CFG_CP1$OFF                   (abs)        000000
__CFG_CP2$OFF                   (abs)        000000
__CFG_CP3$OFF                   (abs)        000000
__CFG_CPB$OFF                   (abs)        000000
__CFG_CPD$OFF                   (abs)        000000
__CFG_EBTR0$OFF                 (abs)        000000
__CFG_EBTR1$OFF                 (abs)        000000
__CFG_EBTR2$OFF                 (abs)        000000
__CFG_EBTR3$OFF                 (abs)        000000
__CFG_EBTRB$OFF                 (abs)        000000
__CFG_FCMEN$OFF                 (abs)        000000
__CFG_IESO$OFF                  (abs)        000000
__CFG_LPT1OSC$OFF               (abs)        000000
__CFG_LVP$OFF                   (abs)        000000
__CFG_MCLRE$ON                  (abs)        000000
__CFG_OSC$HSPLL                 (abs)        000000
__CFG_PBADEN$OFF                (abs)        000000
__CFG_PWRT$OFF                  (abs)        000000
__CFG_STVREN$ON                 (abs)        000000
__CFG_WDT$OFF                   (abs)        000000
__CFG_WDTPS$32768               (abs)        000000
__CFG_WRT0$OFF                  (abs)        000000
__CFG_WRT1$OFF                  (abs)        000000
__CFG_WRT2$OFF                  (abs)        000000
__CFG_WRT3$OFF                  (abs)        000000
__CFG_WRTB$OFF                  (abs)        000000
__CFG_WRTC$OFF                  (abs)        000000
__CFG_WRTD$OFF                  (abs)        000000
__CFG_XINST$OFF                 (abs)        000000
__HRAM                          (abs)        000000
__Habs1                         abs1         000000
__Hbank0                        bank0        000000
__Hbank1                        bank1        000000
__Hbank10                       bank10       000000
__Hbank11                       bank11       000000
__Hbank12                       bank12       000000
__Hbank13                       bank13       000000
__Hbank14                       bank14       000000
__Hbank15                       bank15       000000
__Hbank2                        bank2        000000
__Hbank3                        bank3        000000
__Hbank4                        bank4        000000
__Hbank5                        bank5        000000
__Hbank6                        bank6        000000
__Hbank7                        bank7        000000
__Hbank8                        bank8        000000
__Hbank9                        bank9        000000
__Hbigbss                       bigbss       000000
__Hbigdata                      bigdata      000000
__Hbigram                       bigram       000000
__Hbss                          bss          000000
__HbssBANK0                     bssBANK0     000000
__HbssBANK1                     bssBANK1     000000
__HbssCOMRAM                    bssCOMRAM    000000
__Hcinit                        cinit        000000
__Hclrtext                      clrtext      000000
__Hcomram                       comram       000000
__Hconfig                       config       30000E
__Hconst                        const        000000
__HcstackBANK0                  cstackBANK0  000000
__HcstackBANK2                  cstackBANK2  000000
__HcstackCOMRAM                 cstackCOMRAM 000000
__Hdata                         data         000000
__HdataBANK0                    dataBANK0    000000
__HdataBANK1                    dataBANK1    000000
__HdataCOMRAM                   dataCOMRAM   000000
__Heeprom_data                  eeprom_data  000000
__Hfarbss                       farbss       000000
__Hfardata                      fardata      000000
__Hibigdata                     ibigdata     000000
__Hidata                        idata        000000
__HidataBANK0                   idataBANK0   000000
__HidataBANK1                   idataBANK1   000000
__HidataCOMRAM                  idataCOMRAM  000000
__Hidloc                        idloc        200008
__Hifardata                     ifardata     000000
__Hinit                         init         000012
__Hintcode                      intcode      00000E
__Hintcode_body                 intcode_body 000000
__Hintcodelo                    intcodelo    00000E
__Hintentry                     intentry     000000
__Hintret                       intret       000000
__Hintsave_regs                 intsave_regs 000000
__Hirdata                       irdata       000000
__Hmediumconst                  mediumconst  010000
__HnvFARRAM                     nvFARRAM     000000
__Hnvbit                        nvbit        000000
__Hnvrram                       nvrram       000000
__Hparam                        rparam       000000
__Hpowerup                      powerup      00000E
__Hram                          ram          000000
__Hramtop                       ramtop       001000
__Hrbit                         rbit         000000
__Hrbss                         rbss         000000
__Hrdata                        rdata        000000
__Hreset_vec                    reset_vec    000004
__Hrparam                       rparam       000000
__Hsfr                          sfr          000000
__Hsmallconst                   smallconst   000000
__Hspace_0                      (abs)        30000E
__Hspace_1                      (abs)        000248
__Hspace_2                      (abs)        000000
__Hstack                        stack        000000
__Hstruct                       struct       000000
__Htemp                         temp         00005A
__Htext                         text         000000
__Htext0                        text0        000000
__Htext1                        text1        000000
__Htext10                       text10       000000
__Htext11                       text11       000000
__Htext12                       text12       000000
__Htext13                       text13       000000
__Htext14                       text14       000000
__Htext15                       text15       000000
__Htext16                       text16       000000
__Htext17                       text17       000000
__Htext18                       text18       000000
__Htext19                       text19       000000
__Htext2                        text2        000000
__Htext20                       text20       000000
__Htext21                       text21       000000
__Htext22                       text22       000000
__Htext23                       text23       000000
__Htext24                       text24       000000
__Htext25                       text25       000000
__Htext26                       text26       000000
__Htext27                       text27       000000
__Htext28                       text28       000000
__Htext29                       text29       000000
__Htext3                        text3        000000
__Htext30                       text30       000000
__Htext31                       text31       000000
__Htext32                       text32       000000
__Htext33                       text33       000000
__Htext34                       text34       000000
__Htext35                       text35       000000
__Htext36                       text36       000000
__Htext37                       text37       000000
__Htext38                       text38       000000
__Htext39                       text39       000000
__Htext4                        text4        000000
__Htext41                       text41       000000
__Htext42                       text42       000000
__Htext43                       text43       000000
__Htext44                       text44       000000
__Htext5                        text5        000000
__Htext6                        text6        000000
__Htext7                        text7        000000
__Htext8                        text8        000000
__Htext9                        text9        000000
__LRAM                          (abs)        000001
__Labs1                         abs1         000000
__Lbank0                        bank0        000000
__Lbank1                        bank1        000000
__Lbank10                       bank10       000000
__Lbank11                       bank11       000000
__Lbank12                       bank12       000000
__Lbank13                       bank13       000000
__Lbank14                       bank14       000000
__Lbank15                       bank15       000000
__Lbank2                        bank2        000000
__Lbank3                        bank3        000000
__Lbank4                        bank4        000000
__Lbank5                        bank5        000000
__Lbank6                        bank6        000000
__Lbank7                        bank7        000000
__Lbank8                        bank8        000000
__Lbank9                        bank9        000000
__Lbigbss                       bigbss       000000
__Lbigdata                      bigdata      000000
__Lbigram                       bigram       000000
__Lbss                          bss          000000
__LbssBANK0                     bssBANK0     000000
__LbssBANK1                     bssBANK1     000000
__LbssCOMRAM                    bssCOMRAM    000000
__Lcinit                        cinit        000000
__Lclrtext                      clrtext      000000
__Lcomram                       comram       000000
__Lconfig                       config       300000
__Lconst                        const        000000
__LcstackBANK0                  cstackBANK0  000000
__LcstackBANK2                  cstackBANK2  000000
__LcstackCOMRAM                 cstackCOMRAM 000000
__Ldata                         data         000000
__LdataBANK0                    dataBANK0    000000
__LdataBANK1                    dataBANK1    000000
__LdataCOMRAM                   dataCOMRAM   000000
__Leeprom_data                  eeprom_data  000000
__Lfarbss                       farbss       000000
__Lfardata                      fardata      000000
__Libigdata                     ibigdata     000000
__Lidata                        idata        000000
__LidataBANK0                   idataBANK0   000000
__LidataBANK1                   idataBANK1   000000
__LidataCOMRAM                  idataCOMRAM  000000
__Lidloc                        idloc        200000
__Lifardata                     ifardata     000000
__Linit                         init         00000E
__Lintcode                      intcode      000008
__Lintcode_body                 intcode_body 000000
__Lintcodelo                    intcodelo    00000E
__Lintentry                     intentry     000000
__Lintret                       intret       000000
__Lintsave_regs                 intsave_regs 000000
__Lirdata                       irdata       000000
__Lmediumconst                  mediumconst  00FC6E
__LnvFARRAM                     nvFARRAM     000000
__Lnvbit                        nvbit        000000
__Lnvrram                       nvrram       000000
__Lparam                        rparam       000000
__Lpowerup                      powerup      00000E
__Lram                          ram          000000
__Lramtop                       ramtop       001000
__Lrbit                         rbit         000000
__Lrbss                         rbss         000000
__Lrdata                        rdata        000000
__Lreset_vec                    reset_vec    000000
__Lrparam                       rparam       000000
__Lsfr                          sfr          000000
__Lsmallconst                   smallconst   000000
__Lspace_0                      (abs)        000000
__Lspace_1                      (abs)        000000
__Lspace_2                      (abs)        000000
__Lstack                        stack        000000
__Lstruct                       struct       000000
__Ltemp                         temp         000059
__Ltext                         text         000000
__Ltext0                        text0        000000
__Ltext1                        text1        000000
__Ltext10                       text10       000000
__Ltext11                       text11       000000
__Ltext12                       text12       000000
__Ltext13                       text13       000000
__Ltext14                       text14       000000
__Ltext15                       text15       000000
__Ltext16                       text16       000000
__Ltext17                       text17       000000
__Ltext18                       text18       000000
__Ltext19                       text19       000000
__Ltext2                        text2        000000
__Ltext20                       text20       000000
__Ltext21                       text21       000000
__Ltext22                       text22       000000
__Ltext23                       text23       000000
__Ltext24                       text24       000000
__Ltext25                       text25       000000
__Ltext26                       text26       000000
__Ltext27                       text27       000000
__Ltext28                       text28       000000
__Ltext29                       text29       000000
__Ltext3                        text3        000000
__Ltext30                       text30       000000
__Ltext31                       text31       000000
__Ltext32                       text32       000000
__Ltext33                       text33       000000
__Ltext34                       text34       000000
__Ltext35                       text35       000000
__Ltext36                       text36       000000
__Ltext37                       text37       000000
__Ltext38                       text38       000000
__Ltext39                       text39       000000
__Ltext4                        text4        000000
__Ltext41                       text41       000000
__Ltext42                       text42       000000
__Ltext43                       text43       000000
__Ltext44                       text44       000000
__Ltext5                        text5        000000
__Ltext6                        text6        000000
__Ltext7                        text7        000000
__Ltext8                        text8        000000
__Ltext9                        text9        000000
__S0                            (abs)        30000E
__S1                            (abs)        000248
__S2                            (abs)        000000
___ftadd                        text42       001B10
___ftadd@exp1                   cstackCOMRAM 000014
___ftadd@exp2                   cstackCOMRAM 000013
___ftadd@f1                     cstackCOMRAM 000009
___ftadd@f2                     cstackCOMRAM 00000C
___ftadd@sign                   cstackCOMRAM 000012
___ftpack                       text43       001E6C
___ftpack@arg                   cstackCOMRAM 000001
___ftpack@exp                   cstackCOMRAM 000004
___ftpack@sign                  cstackCOMRAM 000005
___fttol                        text12       001CBC
___fttol@exp1                   cstackBANK0  000085
___fttol@f1                     cstackCOMRAM 00002A
___fttol@lval                   cstackBANK0  000081
___fttol@sign1                  cstackBANK0  000080
___inthi_sp                     stack        000000
___intlo_sp                     stack        000000
___lldiv                        text39       0021F8
___lldiv@counter                cstackCOMRAM 000033
___lldiv@dividend               cstackCOMRAM 000027
___lldiv@divisor                cstackCOMRAM 00002B
___lldiv@quotient               cstackCOMRAM 00002F
___llmod                        text7        002452
___llmod@counter                cstackBANK0  000088
___llmod@dividend               cstackBANK0  000080
___llmod@divisor                cstackBANK0  000084
___param_bank                   (abs)        000000
___rparam_used                  (abs)        000001
___sp                           stack        000000
___wmul                         text28       00275A
___wmul@multiplicand            cstackCOMRAM 000029
___wmul@multiplier              cstackCOMRAM 000027
___wmul@product                 cstackCOMRAM 00002B
__accesstop                     (abs)        000080
__activetblptr                  (abs)        000003
__doprnt                        text6        000704
__doprnt@ap                     cstackBANK0  00008D
__doprnt@c                      cstackBANK0  00009A
__doprnt@cp                     cstackBANK0  000098
__doprnt@f                      cstackBANK0  00008B
__doprnt@flag                   cstackBANK0  000093
__doprnt@pb                     cstackBANK0  000089
__doprnt@prec                   cstackBANK0  000091
__doprnt@val                    cstackBANK0  000094
__end_of_I2C_Master_Init        text38       002518
__end_of_I2C_Master_Read        text33       0027A4
__end_of_I2C_Master_Start       text32       00286C
__end_of_I2C_Master_Stop        text31       002864
__end_of_I2C_Master_Wait        text34       002844
__end_of_I2C_Master_Write       text30       00285C
__end_of_I2C_Send               text24       0020F2
__end_of_LCDMenuIcons           mediumconst  00FCB8
__end_of_LCD_HORZ_LIMIT         mediumconst  00FCC4
__end_of_LCD_LEFT               mediumconst  00FCBF
__end_of_LCD_RIGHT              mediumconst  00FCC0
__end_of_LCD_SIZE_HORZ          mediumconst  00FCC2
__end_of_LCD_SIZE_VERT          mediumconst  00FCC1
__end_of_LCD_VERT_LIMIT         mediumconst  00FCC3
__end_of_RTC_getOperatingTime   text26       00256A
__end_of_RTC_getSeconds         text27       002372
__end_of_RTC_getTime            text29       0023E4
__end_of_RTC_startOperation     text25       0027F8
__end_of___ftadd                text42       001CBC
__end_of___ftpack               text43       001F1A
__end_of___fttol                text12       001DB4
__end_of___lldiv                text39       00227A
__end_of___llmod                text7        0024BA
__end_of___wmul                 text28       002780
__end_of__doprnt                text6        000B48
__end_of__initialization        cinit        00216C
__end_of_assemblyStepEncoding   mediumconst  00FCBD
__end_of_clearing               text22       001B10
__end_of_dpowers                mediumconst  00FC97
__end_of_errMsgs                mediumconst  00FDA4
__end_of_fastenerMatrix         mediumconst  00FE7C
__end_of_hibernate              text18       002676
__end_of_initLCD                text35       0025B6
__end_of_inputEntry             text13       000704
__end_of_inputEntryQuestions    mediumconst  00FE28
__end_of_interruptHandler       intcode_body 002060
__end_of_keypadChars            mediumconst  00FCA8
__end_of_lcdInst                text36       002820
__end_of_lcdNibble              text37       0022F8
__end_of_lcd_set_cursor         text16       00263A
__end_of_lcd_shift_cursor       text17       0027E2
__end_of_main                   text0        0021F8
__end_of_mainMenu               text1        0012A0
__end_of_motorControl           text23       001E6C
__end_of_nanoAddr               mediumconst  00FCBE
__end_of_packageCompartment     text8        000F0A
__end_of_packaging              text3        0015AE
__end_of_pollKeypad             text21       00270E
__end_of_printErrorLCD          text15       00275A
__end_of_printStringLCD         text19       001872
__end_of_printf                 text5        0026AE
__end_of_putch                  text20       00280C
__end_of_sprintf                text4        0025FA
__end_of_strcpy                 text14       0026E0
__end_of_tic                    text10       002832
__end_of_tmr0Init               text11       0027C6
__end_of_tmr0_ISR               text41       002452
__end_of_tock                   text9        002852
__end_of_viewLogs               text2        002734
__initialization                cinit        0020F2
__mediumconst                   mediumconst  00FC6E
__pbssBANK0                     bssBANK0     0000F9
__pbssBANK1                     bssBANK1     0001A3
__pbssCOMRAM                    bssCOMRAM    000034
__pcinit                        cinit        0020F2
__pcstackBANK0                  cstackBANK0  000080
__pcstackBANK2                  cstackBANK2  000200
__pcstackCOMRAM                 cstackCOMRAM 000001
__pdataBANK0                    dataBANK0    0000FD
__pdataBANK1                    dataBANK1    000100
__pdataCOMRAM                   dataCOMRAM   000053
__pidataBANK0                   idataBANK0   002872
__pidataBANK1                   idataBANK1   001F1A
__pidataCOMRAM                  idataCOMRAM  00286C
__pintcode                      intcode      000008
__pintcode_body                 intcode_body 001FBE
__pmediumconst                  mediumconst  00FC6E
__ptext0                        text0        002176
__ptext1                        text1        000F0A
__ptext10                       text10       002820
__ptext11                       text11       0027A4
__ptext12                       text12       001CBC
__ptext13                       text13       000012
__ptext14                       text14       0026AE
__ptext15                       text15       002734
__ptext16                       text16       0025FA
__ptext17                       text17       0027C6
__ptext18                       text18       00263A
__ptext19                       text19       0015AE
__ptext2                        text2        00270E
__ptext20                       text20       0027F8
__ptext21                       text21       0026E0
__ptext22                       text22       001872
__ptext23                       text23       001DB4
__ptext24                       text24       002060
__ptext25                       text25       0027E2
__ptext26                       text26       002518
__ptext27                       text27       0022F8
__ptext28                       text28       00275A
__ptext29                       text29       002372
__ptext3                        text3        0012A0
__ptext30                       text30       002852
__ptext31                       text31       00285C
__ptext32                       text32       002864
__ptext33                       text33       002780
__ptext34                       text34       002832
__ptext35                       text35       00256A
__ptext36                       text36       00280C
__ptext37                       text37       00227A
__ptext38                       text38       0024BA
__ptext39                       text39       0021F8
__ptext4                        text4        0025B6
__ptext41                       text41       0023E4
__ptext42                       text42       001B10
__ptext43                       text43       001E6C
__ptext44                       text44       000000
__ptext5                        text5        002676
__ptext6                        text6        000704
__ptext7                        text7        002452
__ptext8                        text8        000B48
__ptext9                        text9        002844
__ramtop                        ramtop       001000
__size_of_I2C_Master_Init       (abs)        000000
__size_of_I2C_Master_Read       (abs)        000000
__size_of_I2C_Master_Start      (abs)        000000
__size_of_I2C_Master_Stop       (abs)        000000
__size_of_I2C_Master_Wait       (abs)        000000
__size_of_I2C_Master_Write      (abs)        000000
__size_of_I2C_Send              (abs)        000000
__size_of_RTC_getOperatingTime  (abs)        000000
__size_of_RTC_getSeconds        (abs)        000000
__size_of_RTC_getTime           (abs)        000000
__size_of_RTC_startOperation    (abs)        000000
__size_of___ftadd               (abs)        000000
__size_of___ftpack              (abs)        000000
__size_of___fttol               (abs)        000000
__size_of___lldiv               (abs)        000000
__size_of___llmod               (abs)        000000
__size_of___wmul                (abs)        000000
__size_of__doprnt               (abs)        000000
__size_of_clearing              (abs)        000000
__size_of_hibernate             (abs)        000000
__size_of_initLCD               (abs)        000000
__size_of_inputEntry            (abs)        000000
__size_of_interruptHandler      (abs)        000000
__size_of_lcdInst               (abs)        000000
__size_of_lcdNibble             (abs)        000000
__size_of_lcd_set_cursor        (abs)        000000
__size_of_lcd_shift_cursor      (abs)        000000
__size_of_main                  (abs)        000000
__size_of_mainMenu              (abs)        000000
__size_of_motorControl          (abs)        000000
__size_of_packageCompartment    (abs)        000000
__size_of_packaging             (abs)        000000
__size_of_pollKeypad            (abs)        000000
__size_of_printErrorLCD         (abs)        000000
__size_of_printStringLCD        (abs)        000000
__size_of_printf                (abs)        000000
__size_of_putch                 (abs)        000000
__size_of_sprintf               (abs)        000000
__size_of_strcpy                (abs)        000000
__size_of_tic                   (abs)        000000
__size_of_tmr0Init              (abs)        000000
__size_of_tmr0_ISR              (abs)        000000
__size_of_tock                  (abs)        000000
__size_of_viewLogs              (abs)        000000
__smallconst                    smallconst   000000
_assemblyStepEncoding           mediumconst  00FCB8
_clearing                       text22       001872
_dispensed                      bssCOMRAM    000034
_dpowers                        mediumconst  00FC6F
_endTime                        bssCOMRAM    000044
_errMsgs                        mediumconst  00FCC4
_extras                         bssCOMRAM    00003C
_fSLookup                       dataBANK1    00013A
_fastenerMatrix                 mediumconst  00FE28
_hibernate                      text18       00263A
_initLCD                        text35       00256A
_inputEntry                     text13       000012
_inputEntryQuestions            mediumconst  00FDA4
_interruptHandler               intcode      000008
_keypadChars                    mediumconst  00FC97
_lcdInst                        text36       00280C
_lcdNibble                      text37       00227A
_lcd_set_cursor                 text16       0025FA
_lcd_shift_cursor               text17       0027C6
_main                           text0        002176
_mainMenu                       text1        000F0A
_motorControl                   text23       001DB4
_nanoAddr                       mediumconst  00FCBD
_operating                      bssCOMRAM    000051
_packageCompartment             text8        000B48
_packaging                      text3        0012A0
_params                         bssBANK1     0001A3
_pollKeypad                     text21       0026E0
_printErrorLCD                  text15       002734
_printStringLCD                 text19       0015AE
_printf                         text5        002676
_putch                          text20       0027F8
_sprintf                        text4        0025B6
_startTime                      bssCOMRAM    000048
_strcpy                         text14       0026AE
_test                           bssBANK0     0000F9
_tic                            text10       002820
_timeSinceLastTic               dataCOMRAM   000053
_timerInit                      bssCOMRAM    000050
_tmr0Init                       text11       0027A4
_tmr0_ISR                       text41       0023E4
_tock                           text9        002844
_viewLogs                       text2        00270E
btemp                           temp         000059
clearing@i                      cstackBANK0  000082
clearing@spinTime               cstackBANK0  000080
end_of_initialization           cinit        00216C
hibernate@pressed               cstackCOMRAM 000032
inputEntry@F3177                dataBANK0    0000FD
inputEntry@F3198                dataBANK1    000122
inputEntry@compartmentLabel     cstackBANK0  0000C8
inputEntry@compartmentNum       cstackBANK0  0000E3
inputEntry@compartmentsToFill   cstackBANK0  0000CA
inputEntry@done                 cstackBANK0  0000CB
inputEntry@doneCompartment      cstackBANK0  0000D3
inputEntry@doneMultiples        cstackBANK0  0000D1
inputEntry@fastenerString       cstackBANK0  0000A8
inputEntry@found                cstackBANK0  0000CD
inputEntry@i                    cstackBANK0  0000E5
inputEntry@inputEntryStep       cstackBANK0  0000DF
inputEntry@msg                  cstackBANK0  000090
inputEntry@numB                 cstackBANK0  0000D7
inputEntry@numN                 cstackBANK0  0000D9
inputEntry@numPressed           cstackBANK0  0000E1
inputEntry@numS                 cstackBANK0  0000DB
inputEntry@numW                 cstackBANK0  0000DD
inputEntry@pressed              cstackBANK0  0000E7
inputEntry@setIsGood            cstackBANK0  0000CF
inputEntry@sum                  cstackBANK0  0000D5
int$flags                       temp         000059
int_func                        intcode_body 001FBE
intlevel0                       text         000000
intlevel1                       text         000000
intlevel2                       text         000000
intlevel3                       text         000000
lcdInst@data                    cstackCOMRAM 000029
lcdNibble@data                  cstackCOMRAM 000028
lcdNibble@temp                  cstackCOMRAM 000027
lcd_set_cursor@i                cstackCOMRAM 00002F
lcd_set_cursor@x                cstackCOMRAM 000030
lcd_set_cursor@y                cstackCOMRAM 00002D
lcd_shift_cursor@direction      cstackCOMRAM 00002A
lcd_shift_cursor@n              cstackCOMRAM 00002C
lcd_shift_cursor@numChars       cstackCOMRAM 00002B
mainMenu@i                      cstackBANK0  0000F6
mainMenu@needToPrint            cstackBANK0  0000F2
mainMenu@operationTime          cstackBANK0  0000EC
mainMenu@pressed                cstackBANK0  0000F4
mainMenu@startPress             cstackBANK0  0000F0
motorControl@dir                cstackCOMRAM 000027
motorControl@motor              cstackCOMRAM 000028
packageCompartment@b            cstackBANK0  00008E
packageCompartment@currTime     cstackBANK0  0000B0
packageCompartment@doneB        cstackBANK0  0000A7
packageCompartment@doneN        cstackBANK0  0000A9
packageCompartment@doneS        cstackBANK0  0000AB
packageCompartment@doneW        cstackBANK0  0000AD
packageCompartment@n            cstackBANK0  000086
packageCompartment@numB         cstackBANK0  00009F
packageCompartment@numN         cstackBANK0  0000A1
packageCompartment@numS         cstackBANK0  0000A3
packageCompartment@numW         cstackBANK0  0000A5
packageCompartment@resolution   cstackBANK0  0000AF
packageCompartment@s            cstackBANK0  000087
packageCompartment@timeB        cstackBANK0  00008F
packageCompartment@timeN        cstackBANK0  000093
packageCompartment@timeS        cstackBANK0  000097
packageCompartment@timeW        cstackBANK0  00009B
packageCompartment@w            cstackBANK0  000088
packaging@F3205                 dataBANK1    000100
packaging@compartmentNum        cstackBANK2  000242
packaging@msg                   cstackBANK2  000200
packaging@msg2                  cstackBANK2  000222
packaging@mult                  cstackBANK2  000246
packaging@set                   cstackBANK2  000244
pollKeypad@keypress             cstackCOMRAM 000027
printErrorLCD@string            cstackCOMRAM 000032
printStringLCD@i                cstackBANK0  000088
printStringLCD@j                cstackBANK0  000080
printStringLCD@newlineCharIndex cstackBANK0  000086
printStringLCD@newlineIndex     cstackBANK0  000084
printStringLCD@spaceIndex       cstackBANK0  000082
printStringLCD@string           cstackCOMRAM 00002D
printf@ap                       cstackBANK0  0000A5
printf@f                        cstackBANK0  00009B
printf@pb                       cstackBANK0  0000A7
putch@data                      cstackCOMRAM 000029
sprintf@ap                      cstackBANK0  0000A7
sprintf@f                       cstackBANK0  00009D
sprintf@pb                      cstackBANK0  0000A9
sprintf@wh                      cstackBANK0  00009B
stackhi                         (abs)        000F7F
stacklo                         (abs)        000248
start                           init         00000E
start_initialization            cinit        0020F2
strcpy@cp                       cstackCOMRAM 000031
strcpy@from                     cstackCOMRAM 00002F
strcpy@to                       cstackCOMRAM 00002D
timer@operatingTime             dataCOMRAM   000056
viewLogs@pressed                cstackBANK0  00008A
wtemp6                          temp         00005A


FUNCTION INFORMATION:

 *************** function _main *****************
 Defined at:
		line 219 in file "main.c"
 Parameters:    Size  Location     Type
		None
 Auto vars:     Size  Location     Type
		None
 Return value:  Size  Location     Type
                  1    wreg      void 
 Registers used:
		wreg, fsr0l, fsr0h, fsr1l, fsr1h, fsr2l, fsr2h, status,2, status,0, pclath, tosl, tblptrl, tblptrh, tblptru, prodl, prodh, cstack
 Tracked objects:
		On entry : 
		On exit  : 
		Unchanged: 
 Data sizes:     COMRAM   BANK0   BANK1   BANK2   BANK3   BANK4   BANK5   BANK6   BANK7   BANK8   BANK9  BANK10  BANK11  BANK12  BANK13  BANK14  BANK15
      Params:         0       0       0       0       0       0       0       0       0       0       0       0       0       0       0       0       0
      Locals:         0       0       0       0       0       0       0       0       0       0       0       0       0       0       0       0       0
      Temps:          0       1       0       0       0       0       0       0       0       0       0       0       0       0       0       0       0
      Totals:         0       1       0       0       0       0       0       0       0       0       0       0       0       0       0       0       0
Total ram usage:        1 bytes
 Hardware stack levels required when called:   10
 This function calls:
		_I2C_Master_Init
		_hibernate
		_initLCD
		_lcdInst
		_mainMenu
 This function is called by:
		Startup code after reset
 This function uses a non-reentrant model


 *************** function _mainMenu *****************
 Defined at:
		line 174 in file "menu.c"
 Parameters:    Size  Location     Type
		None
 Auto vars:     Size  Location     Type
  operationTim    4  108[BANK0 ] long 
  i               2  118[BANK0 ] int 
  startPress      2  112[BANK0 ] int 
  pressed         2  116[BANK0 ] int 
  needToPrint     2  114[BANK0 ] int 
 Return value:  Size  Location     Type
                  1    wreg      void 
 Registers used:
		wreg, fsr0l, fsr0h, fsr1l, fsr1h, fsr2l, fsr2h, status,2, status,0, pclath, tosl, tblptrl, tblptrh, tblptru, prodl, prodh, cstack
 Tracked objects:
		On entry : 
		On exit  : 
		Unchanged: 
 Data sizes:     COMRAM   BANK0   BANK1   BANK2   BANK3   BANK4   BANK5   BANK6   BANK7   BANK8   BANK9  BANK10  BANK11  BANK12  BANK13  BANK14  BANK15
      Params:         0       0       0       0       0       0       0       0       0       0       0       0       0       0       0       0       0
      Locals:         0      12       0       0       0       0       0       0       0       0       0       0       0       0       0       0       0
      Temps:          0       4       0       0       0       0       0       0       0       0       0       0       0       0       0       0       0
      Totals:         0      16       0       0       0       0       0       0       0       0       0       0       0       0       0       0       0
Total ram usage:       16 bytes
 Hardware stack levels used:    1
 Hardware stack levels required when called:    9
 This function calls:
		_I2C_Send
		_RTC_getOperatingTime
		_RTC_startOperation
		_clearing
		_hibernate
		_inputEntry
		_lcdInst
		_packaging
		_pollKeypad
		_printStringLCD
		_printf
		_putch
		_viewLogs
 This function is called by:
		_main
 This function uses a non-reentrant model


 *************** function _viewLogs *****************
 Defined at:
		line 22 in file "menu.c"
 Parameters:    Size  Location     Type
		None
 Auto vars:     Size  Location     Type
  pressed         2   10[BANK0 ] int 
 Return value:  Size  Location     Type
                  1    wreg      void 
 Registers used:
		wreg, fsr0l, fsr0h, status,2, status,0, tblptrl, tblptrh, tblptru, prodl, prodh, cstack
 Tracked objects:
		On entry : 
		On exit  : 
		Unchanged: 
 Data sizes:     COMRAM   BANK0   BANK1   BANK2   BANK3   BANK4   BANK5   BANK6   BANK7   BANK8   BANK9  BANK10  BANK11  BANK12  BANK13  BANK14  BANK15
      Params:         0       0       0       0       0       0       0       0       0       0       0       0       0       0       0       0       0
      Locals:         0       2       0       0       0       0       0       0       0       0       0       0       0       0       0       0       0
      Temps:          1       0       0       0       0       0       0       0       0       0       0       0       0       0       0       0       0
      Totals:         1       2       0       0       0       0       0       0       0       0       0       0       0       0       0       0       0
Total ram usage:        3 bytes
 Hardware stack levels used:    1
 Hardware stack levels required when called:    7
 This function calls:
		_pollKeypad
		_printStringLCD
 This function is called by:
		_mainMenu
 This function uses a non-reentrant model


 *************** function _packaging *****************
 Defined at:
		line 112 in file "main.c"
 Parameters:    Size  Location     Type
		None
 Auto vars:     Size  Location     Type
  msg            34    0[BANK2 ] unsigned char [34]
  msg2           32   34[BANK2 ] unsigned char [32]
  mult            2   70[BANK2 ] int 
  set             2   68[BANK2 ] PTR unsigned char 
		 -> fastenerMatrix(84), 
  compartmentN    2   66[BANK2 ] int 
 Return value:  Size  Location     Type
                  1    wreg      void 
 Registers used:
		wreg, fsr0l, fsr0h, fsr1l, fsr1h, fsr2l, fsr2h, status,2, status,0, pclath, tosl, tblptrl, tblptrh, tblptru, prodl, prodh, cstack
 Tracked objects:
		On entry : 
		On exit  : 
		Unchanged: 
 Data sizes:     COMRAM   BANK0   BANK1   BANK2   BANK3   BANK4   BANK5   BANK6   BANK7   BANK8   BANK9  BANK10  BANK11  BANK12  BANK13  BANK14  BANK15
      Params:         0       0       0       0       0       0       0       0       0       0       0       0       0       0       0       0       0
      Locals:         0       0       0      72       0       0       0       0       0       0       0       0       0       0       0       0       0
      Temps:          0       6       0       0       0       0       0       0       0       0       0       0       0       0       0       0       0
      Totals:         0       6       0      72       0       0       0       0       0       0       0       0       0       0       0       0       0
Total ram usage:       78 bytes
 Hardware stack levels used:    1
 Hardware stack levels required when called:    8
 This function calls:
		_I2C_Send
		___wmul
		_lcdInst
		_packageCompartment
		_printf
		_sprintf
 This function is called by:
		_mainMenu
 This function uses a non-reentrant model


 *************** function _sprintf *****************
 Defined at:
		line 13 in file "C:\Program Files (x86)\Microchip\xc8\v1.45\sources\common\sprintf.c"
 Parameters:    Size  Location     Type
  wh              2   27[BANK0 ] PTR unsigned char 
		 -> packaging@msg2(32), 
  f               2   29[BANK0 ] PTR const unsigned char 
		 -> STR_7(22), 
 Auto vars:     Size  Location     Type
  pb              4   41[BANK0 ] struct __prbuf
  ap              2   39[BANK0 ] PTR void [1]
		 -> ?_sprintf(2), ?_printf(2), 
 Return value:  Size  Location     Type
                  2   27[BANK0 ] int 
 Registers used:
		wreg, fsr0l, fsr0h, fsr2l, fsr2h, status,2, status,0, pclath, tosl, tblptrl, tblptrh, tblptru, prodl, prodh, cstack
 Tracked objects:
		On entry : 
		On exit  : 
		Unchanged: 
 Data sizes:     COMRAM   BANK0   BANK1   BANK2   BANK3   BANK4   BANK5   BANK6   BANK7   BANK8   BANK9  BANK10  BANK11  BANK12  BANK13  BANK14  BANK15
      Params:         0      12       0       0       0       0       0       0       0       0       0       0       0       0       0       0       0
      Locals:         0       6       0       0       0       0       0       0       0       0       0       0       0       0       0       0       0
      Temps:          0       0       0       0       0       0       0       0       0       0       0       0       0       0       0       0       0
      Totals:         0      18       0       0       0       0       0       0       0       0       0       0       0       0       0       0       0
Total ram usage:       18 bytes
 Hardware stack levels used:    1
 Hardware stack levels required when called:    7
 This function calls:
		__doprnt
 This function is called by:
		_packaging
 This function uses a non-reentrant model


 *************** function _printf *****************
 Defined at:
		line 13 in file "C:\Program Files (x86)\Microchip\xc8\v1.45\sources\common\printf.c"
 Parameters:    Size  Location     Type
  f               2   27[BANK0 ] PTR const unsigned char 
		 -> STR_23(4), STR_22(6), STR_21(16), STR_20(11), 
		 -> STR_19(12), STR_18(9), STR_16(19), STR_15(10), 
		 -> STR_14(17), STR_8(15), 
 Auto vars:     Size  Location     Type
  pb              4   39[BANK0 ] struct __prbuf
  ap              2   37[BANK0 ] PTR void [1]
		 -> ?_sprintf(2), ?_printf(2), 
 Return value:  Size  Location     Type
                  2   27[BANK0 ] int 
 Registers used:
		wreg, fsr0l, fsr0h, fsr2l, fsr2h, status,2, status,0, pclath, tosl, tblptrl, tblptrh, tblptru, prodl, prodh, cstack
 Tracked objects:
		On entry : 
		On exit  : 
		Unchanged: 
 Data sizes:     COMRAM   BANK0   BANK1   BANK2   BANK3   BANK4   BANK5   BANK6   BANK7   BANK8   BANK9  BANK10  BANK11  BANK12  BANK13  BANK14  BANK15
      Params:         0      10       0       0       0       0       0       0       0       0       0       0       0       0       0       0       0
      Locals:         0       6       0       0       0       0       0       0       0       0       0       0       0       0       0       0       0
      Temps:          0       0       0       0       0       0       0       0       0       0       0       0       0       0       0       0       0
      Totals:         0      16       0       0       0       0       0       0       0       0       0       0       0       0       0       0       0
Total ram usage:       16 bytes
 Hardware stack levels used:    1
 Hardware stack levels required when called:    7
 This function calls:
		__doprnt
 This function is called by:
		_packaging
		_mainMenu
 This function uses a non-reentrant model


 *************** function __doprnt *****************
 Defined at:
		line 458 in file "C:\Program Files (x86)\Microchip\xc8\v1.45\sources\common\doprnt.c"
 Parameters:    Size  Location     Type
  pb              2    9[BANK0 ] PTR struct __prbuf
		 -> sprintf@pb(4), printf@pb(4), 
  f               2   11[BANK0 ] PTR const unsigned char 
		 -> STR_23(4), STR_22(6), STR_21(16), STR_20(11), 
		 -> STR_19(12), STR_18(9), STR_16(19), STR_15(10), 
		 -> STR_14(17), STR_8(15), STR_7(22), 
  ap              2   13[BANK0 ] PTR PTR void 
		 -> sprintf@ap(2), printf@ap(2), 
 Auto vars:     Size  Location     Type
  val             4   20[BANK0 ] unsigned long 
  tmpval          4    0        struct .
  cp              2   24[BANK0 ] PTR const unsigned char 
		 -> ?_sprintf(2), ?_printf(2), NULL(0), STR_24(7), 
		 -> fSLookup(105), packaging@msg2(32), 
  prec            2   17[BANK0 ] int 
  len             2    0        unsigned int 
  c               1   26[BANK0 ] char 
  flag            1   19[BANK0 ] unsigned char 
 Return value:  Size  Location     Type
                  2    9[BANK0 ] int 
 Registers used:
		wreg, fsr0l, fsr0h, fsr2l, fsr2h, status,2, status,0, pclath, tosl, tblptrl, tblptrh, tblptru, prodl, prodh, cstack
 Tracked objects:
		On entry : 
		On exit  : 
		Unchanged: 
 Data sizes:     COMRAM   BANK0   BANK1   BANK2   BANK3   BANK4   BANK5   BANK6   BANK7   BANK8   BANK9  BANK10  BANK11  BANK12  BANK13  BANK14  BANK15
      Params:         0       6       0       0       0       0       0       0       0       0       0       0       0       0       0       0       0
      Locals:         0      10       0       0       0       0       0       0       0       0       0       0       0       0       0       0       0
      Temps:          0       2       0       0       0       0       0       0       0       0       0       0       0       0       0       0       0
      Totals:         0      18       0       0       0       0       0       0       0       0       0       0       0       0       0       0       0
Total ram usage:       18 bytes
 Hardware stack levels used:    1
 Hardware stack levels required when called:    6
 This function calls:
		Absolute function
		___lldiv
		___llmod
		_putch
 This function is called by:
		_printf
		_sprintf
 This function uses a non-reentrant model


 *************** function ___llmod *****************
 Defined at:
		line 8 in file "C:\Program Files (x86)\Microchip\xc8\v1.45\sources\common\llmod.c"
 Parameters:    Size  Location     Type
  dividend        4    0[BANK0 ] unsigned long 
  divisor         4    4[BANK0 ] unsigned long 
 Auto vars:     Size  Location     Type
  counter         1    8[BANK0 ] unsigned char 
 Return value:  Size  Location     Type
                  4    0[BANK0 ] unsigned long 
 Registers used:
		wreg, status,2, status,0
 Tracked objects:
		On entry : 
		On exit  : 
		Unchanged: 
 Data sizes:     COMRAM   BANK0   BANK1   BANK2   BANK3   BANK4   BANK5   BANK6   BANK7   BANK8   BANK9  BANK10  BANK11  BANK12  BANK13  BANK14  BANK15
      Params:         0       8       0       0       0       0       0       0       0       0       0       0       0       0       0       0       0
      Locals:         0       1       0       0       0       0       0       0       0       0       0       0       0       0       0       0       0
      Temps:          0       0       0       0       0       0       0       0       0       0       0       0       0       0       0       0       0
      Totals:         0       9       0       0       0       0       0       0       0       0       0       0       0       0       0       0       0
Total ram usage:        9 bytes
 Hardware stack levels used:    1
 Hardware stack levels required when called:    4
 This function calls:
		Nothing
 This function is called by:
		__doprnt
 This function uses a non-reentrant model


 *************** function _packageCompartment *****************
 Defined at:
		line 23 in file "main.c"
 Parameters:    Size  Location     Type
  b               1    wreg     unsigned char 
  n               1    6[BANK0 ] unsigned char 
  s               1    7[BANK0 ] unsigned char 
  w               1    8[BANK0 ] unsigned char 
 Auto vars:     Size  Location     Type
  b               1   14[BANK0 ] unsigned char 
  currTime        4   48[BANK0 ] long 
  timeW           4   27[BANK0 ] long 
  timeS           4   23[BANK0 ] long 
  timeN           4   19[BANK0 ] long 
  timeB           4   15[BANK0 ] long 
  doneW           2   45[BANK0 ] int 
  doneS           2   43[BANK0 ] int 
  doneN           2   41[BANK0 ] int 
  doneB           2   39[BANK0 ] int 
  numW            2   37[BANK0 ] int 
  numS            2   35[BANK0 ] int 
  numN            2   33[BANK0 ] int 
  numB            2   31[BANK0 ] int 
  resolution      1   47[BANK0 ] unsigned char 
 Return value:  Size  Location     Type
                  1    wreg      void 
 Registers used:
		wreg, fsr0l, fsr0h, status,2, status,0, tblptrl, tblptrh, tblptru, cstack
 Tracked objects:
		On entry : 
		On exit  : 
		Unchanged: 
 Data sizes:     COMRAM   BANK0   BANK1   BANK2   BANK3   BANK4   BANK5   BANK6   BANK7   BANK8   BANK9  BANK10  BANK11  BANK12  BANK13  BANK14  BANK15
      Params:         0       3       0       0       0       0       0       0       0       0       0       0       0       0       0       0       0
      Locals:         0      38       0       0       0       0       0       0       0       0       0       0       0       0       0       0       0
      Temps:          0       5       0       0       0       0       0       0       0       0       0       0       0       0       0       0       0
      Totals:         0      46       0       0       0       0       0       0       0       0       0       0       0       0       0       0       0
Total ram usage:       46 bytes
 Hardware stack levels used:    1
 Hardware stack levels required when called:    7
 This function calls:
		_I2C_Send
		___fttol
		_motorControl
		_tic
		_tock
 This function is called by:
		_packaging
 This function uses a non-reentrant model


 *************** function _tock *****************
 Defined at:
		line 56 in file "timer.c"
 Parameters:    Size  Location     Type
		None
 Auto vars:     Size  Location     Type
		None
 Return value:  Size  Location     Type
                  3   38[COMRAM] void 
 Registers used:
		None
 Tracked objects:
		On entry : 
		On exit  : 
		Unchanged: 
 Data sizes:     COMRAM   BANK0   BANK1   BANK2   BANK3   BANK4   BANK5   BANK6   BANK7   BANK8   BANK9  BANK10  BANK11  BANK12  BANK13  BANK14  BANK15
      Params:         3       0       0       0       0       0       0       0       0       0       0       0       0       0       0       0       0
      Locals:         0       0       0       0       0       0       0       0       0       0       0       0       0       0       0       0       0
      Temps:          0       0       0       0       0       0       0       0       0       0       0       0       0       0       0       0       0
      Totals:         3       0       0       0       0       0       0       0       0       0       0       0       0       0       0       0       0
Total ram usage:        3 bytes
 Hardware stack levels used:    1
 Hardware stack levels required when called:    4
 This function calls:
		Nothing
 This function is called by:
		_packageCompartment
 This function uses a non-reentrant model


 *************** function _tic *****************
 Defined at:
		line 47 in file "timer.c"
 Parameters:    Size  Location     Type
		None
 Auto vars:     Size  Location     Type
		None
 Return value:  Size  Location     Type
                  1    wreg      void 
 Registers used:
		wreg, status,2, cstack
 Tracked objects:
		On entry : 
		On exit  : 
		Unchanged: 
 Data sizes:     COMRAM   BANK0   BANK1   BANK2   BANK3   BANK4   BANK5   BANK6   BANK7   BANK8   BANK9  BANK10  BANK11  BANK12  BANK13  BANK14  BANK15
      Params:         0       0       0       0       0       0       0       0       0       0       0       0       0       0       0       0       0
      Locals:         0       0       0       0       0       0       0       0       0       0       0       0       0       0       0       0       0
      Temps:          0       0       0       0       0       0       0       0       0       0       0       0       0       0       0       0       0
      Totals:         0       0       0       0       0       0       0       0       0       0       0       0       0       0       0       0       0
Total ram usage:        0 bytes
 Hardware stack levels used:    1
 Hardware stack levels required when called:    5
 This function calls:
		_tmr0Init
 This function is called by:
		_packageCompartment
 This function uses a non-reentrant model


 *************** function _tmr0Init *****************
 Defined at:
		line 18 in file "timer.c"
 Parameters:    Size  Location     Type
		None
 Auto vars:     Size  Location     Type
		None
 Return value:  Size  Location     Type
                  1    wreg      void 
 Registers used:
		wreg, status,2
 Tracked objects:
		On entry : 
		On exit  : 
		Unchanged: 
 Data sizes:     COMRAM   BANK0   BANK1   BANK2   BANK3   BANK4   BANK5   BANK6   BANK7   BANK8   BANK9  BANK10  BANK11  BANK12  BANK13  BANK14  BANK15
      Params:         0       0       0       0       0       0       0       0       0       0       0       0       0       0       0       0       0
      Locals:         0       0       0       0       0       0       0       0       0       0       0       0       0       0       0       0       0
      Temps:          0       0       0       0       0       0       0       0       0       0       0       0       0       0       0       0       0
      Totals:         0       0       0       0       0       0       0       0       0       0       0       0       0       0       0       0       0
Total ram usage:        0 bytes
 Hardware stack levels used:    1
 Hardware stack levels required when called:    4
 This function calls:
		Nothing
 This function is called by:
		_tic
		_Timer_startOperation
 This function uses a non-reentrant model


 *************** function ___fttol *****************
 Defined at:
		line 44 in file "C:\Program Files (x86)\Microchip\xc8\v1.45\sources\common\fttol.c"
 Parameters:    Size  Location     Type
  f1              3   41[COMRAM] float 
 Auto vars:     Size  Location     Type
  lval            4    1[BANK0 ] unsigned long 
  exp1            1    5[BANK0 ] unsigned char 
  sign1           1    0[BANK0 ] unsigned char 
 Return value:  Size  Location     Type
                  4   41[COMRAM] long 
 Registers used:
		wreg, status,2, status,0
 Tracked objects:
		On entry : 
		On exit  : 
		Unchanged: 
 Data sizes:     COMRAM   BANK0   BANK1   BANK2   BANK3   BANK4   BANK5   BANK6   BANK7   BANK8   BANK9  BANK10  BANK11  BANK12  BANK13  BANK14  BANK15
      Params:         4       0       0       0       0       0       0       0       0       0       0       0       0       0       0       0       0
      Locals:         0       6       0       0       0       0       0       0       0       0       0       0       0       0       0       0       0
      Temps:          5       0       0       0       0       0       0       0       0       0       0       0       0       0       0       0       0
      Totals:         9       6       0       0       0       0       0       0       0       0       0       0       0       0       0       0       0
Total ram usage:       15 bytes
 Hardware stack levels used:    1
 Hardware stack levels required when called:    4
 This function calls:
		Nothing
 This function is called by:
		_packageCompartment
 This function uses a non-reentrant model


 *************** function _inputEntry *****************
 Defined at:
		line 30 in file "menu.c"
 Parameters:    Size  Location     Type
		None
 Auto vars:     Size  Location     Type
  sum             2   85[BANK0 ] int 
  fastenerStri   32   40[BANK0 ] unsigned char [32]
  msg            24   16[BANK0 ] unsigned char [24]
  compartments    1   74[BANK0 ] unsigned char 
  i               2  101[BANK0 ] int 
  compartmentN    2   99[BANK0 ] int 
  numPressed      2   97[BANK0 ] int 
  inputEntrySt    2   95[BANK0 ] int 
  numW            2   93[BANK0 ] int 
  numS            2   91[BANK0 ] int 
  numN            2   89[BANK0 ] int 
  numB            2   87[BANK0 ] int 
  doneCompartm    2   83[BANK0 ] int 
  doneMultiple    2   81[BANK0 ] int 
  setIsGood       2   79[BANK0 ] int 
  found           2   77[BANK0 ] int 
  done            2   75[BANK0 ] int 
  compartmentL    2   72[BANK0 ] unsigned char [2]
  numFasteners    2    0        int 
  pressed         1  103[BANK0 ] unsigned char 
 Return value:  Size  Location     Type
                  1    wreg      void 
 Registers used:
		wreg, fsr0l, fsr0h, fsr1l, fsr1h, fsr2l, fsr2h, status,2, status,0, tblptrl, tblptrh, tblptru, prodl, prodh, cstack
 Tracked objects:
		On entry : 
		On exit  : 
		Unchanged: 
 Data sizes:     COMRAM   BANK0   BANK1   BANK2   BANK3   BANK4   BANK5   BANK6   BANK7   BANK8   BANK9  BANK10  BANK11  BANK12  BANK13  BANK14  BANK15
      Params:         0       0       0       0       0       0       0       0       0       0       0       0       0       0       0       0       0
      Locals:         0      88       0       0       0       0       0       0       0       0       0       0       0       0       0       0       0
      Temps:          0       4       0       0       0       0       0       0       0       0       0       0       0       0       0       0       0
      Totals:         0      92       0       0       0       0       0       0       0       0       0       0       0       0       0       0       0
Total ram usage:       92 bytes
 Hardware stack levels used:    1
 Hardware stack levels required when called:    8
 This function calls:
		_I2C_Send
		___wmul
		_lcdInst
		_lcd_set_cursor
		_pollKeypad
		_printErrorLCD
		_printStringLCD
		_putch
		_strcpy
 This function is called by:
		_mainMenu
 This function uses a non-reentrant model


 *************** function _strcpy *****************
 Defined at:
		line 8 in file "C:\Program Files (x86)\Microchip\xc8\v1.45\sources\common\strcpy.c"
 Parameters:    Size  Location     Type
  to              2   44[COMRAM] PTR unsigned char 
		 -> inputEntry@fastenerString(32), 
  from            2   46[COMRAM] PTR const unsigned char 
		 -> inputEntryQuestions(132), 
 Auto vars:     Size  Location     Type
  cp              2   48[COMRAM] PTR unsigned char 
		 -> inputEntry@fastenerString(32), 
 Return value:  Size  Location     Type
                  2   44[COMRAM] PTR unsigned char 
 Registers used:
		wreg, fsr2l, fsr2h, status,2, status,0, tblptrl, tblptrh, tblptru
 Tracked objects:
		On entry : 
		On exit  : 
		Unchanged: 
 Data sizes:     COMRAM   BANK0   BANK1   BANK2   BANK3   BANK4   BANK5   BANK6   BANK7   BANK8   BANK9  BANK10  BANK11  BANK12  BANK13  BANK14  BANK15
      Params:         4       0       0       0       0       0       0       0       0       0       0       0       0       0       0       0       0
      Locals:         2       0       0       0       0       0       0       0       0       0       0       0       0       0       0       0       0
[...]
Total ram usage:        2 bytes
 Hardware stack levels used:    1
 Hardware stack levels required when called:    5
 This function calls:
		_I2C_Master_Wait
 This function is called by:
		_RTC_getTime
 This function uses a non-reentrant model


 *************** function _I2C_Master_Wait *****************
 Defined at:
		line 51 in file "I2C.c"
 Parameters:    Size  Location     Type
		None
 Auto vars:     Size  Location     Type
		None
 Return value:  Size  Location     Type
                  1    wreg      void 
 Registers used:
		wreg, status,2, status,0
 Tracked objects:
		On entry : 
		On exit  : 
		Unchanged: 
 Data sizes:     COMRAM   BANK0   BANK1   BANK2   BANK3   BANK4   BANK5   BANK6   BANK7   BANK8   BANK9  BANK10  BANK11  BANK12  BANK13  BANK14  BANK15
      Params:         0       0       0       0       0       0       0       0       0       0       0       0       0       0       0       0       0
      Locals:         0       0       0       0       0       0       0       0       0       0       0       0       0       0       0       0       0
      Temps:          1       0       0       0       0       0       0       0       0       0       0       0       0       0       0       0       0
      Totals:         1       0       0       0       0       0       0       0       0       0       0       0       0       0       0       0       0
Total ram usage:        1 bytes
 Hardware stack levels used:    1
 Hardware stack levels required when called:    4
 This function calls:
		Nothing
 This function is called by:
		_I2C_Master_Start
		_I2C_Master_Stop
		_I2C_Master_Write
		_I2C_Master_Read
		_I2C_Master_RepeatedStart
 This function uses a non-reentrant model


 *************** function _initLCD *****************
 Defined at:
		line 61 in file "lcd.c"
 Parameters:    Size  Location     Type
		None
 Auto vars:     Size  Location     Type
		None
 Return value:  Size  Location     Type
                  1    wreg      void 
 Registers used:
		wreg, status,2, status,0, cstack
 Tracked objects:
		On entry : 
		On exit  : 
		Unchanged: 
 Data sizes:     COMRAM   BANK0   BANK1   BANK2   BANK3   BANK4   BANK5   BANK6   BANK7   BANK8   BANK9  BANK10  BANK11  BANK12  BANK13  BANK14  BANK15
      Params:         0       0       0       0       0       0       0       0       0       0       0       0       0       0       0       0       0
      Locals:         0       0       0       0       0       0       0       0       0       0       0       0       0       0       0       0       0
      Temps:          1       0       0       0       0       0       0       0       0       0       0       0       0       0       0       0       0
      Totals:         1       0       0       0       0       0       0       0       0       0       0       0       0       0       0       0       0
Total ram usage:        1 bytes
 Hardware stack levels used:    1
 Hardware stack levels required when called:    6
 This function calls:
		_lcdInst
 This function is called by:
		_main
 This function uses a non-reentrant model


 *************** function _lcdInst *****************
 Defined at:
		line 12 in file "lcd.c"
 Parameters:    Size  Location     Type
  data            1    wreg     unsigned char 
 Auto vars:     Size  Location     Type
  data            1   40[COMRAM] unsigned char 
 Return value:  Size  Location     Type
                  1    wreg      void 
 Registers used:
		wreg, status,2, status,0, cstack
 Tracked objects:
		On entry : 
		On exit  : 
		Unchanged: 
 Data sizes:     COMRAM   BANK0   BANK1   BANK2   BANK3   BANK4   BANK5   BANK6   BANK7   BANK8   BANK9  BANK10  BANK11  BANK12  BANK13  BANK14  BANK15
      Params:         0       0       0       0       0       0       0       0       0       0       0       0       0       0       0       0       0
      Locals:         1       0       0       0       0       0       0       0       0       0       0       0       0       0       0       0       0
      Temps:          0       0       0       0       0       0       0       0       0       0       0       0       0       0       0       0       0
      Totals:         1       0       0       0       0       0       0       0       0       0       0       0       0       0       0       0       0
Total ram usage:        1 bytes
 Hardware stack levels used:    1
 Hardware stack levels required when called:    5
 This function calls:
		_lcdNibble
 This function is called by:
		_packaging
		_main
		_initLCD
		_lcd_set_cursor
		_lcd_shift_cursor
		_inputEntry
		_mainMenu
		_printStringLCD
		_lcd_shift_display
 This function uses a non-reentrant model


 *************** function _lcdNibble *****************
 Defined at:
		line 38 in file "lcd.c"
 Parameters:    Size  Location     Type
  data            1    wreg     unsigned char 
 Auto vars:     Size  Location     Type
  data            1   39[COMRAM] unsigned char 
  temp            1   38[COMRAM] unsigned char 
 Return value:  Size  Location     Type
                  1    wreg      void 
 Registers used:
		wreg, status,2, status,0
 Tracked objects:
		On entry : 
		On exit  : 
		Unchanged: 
 Data sizes:     COMRAM   BANK0   BANK1   BANK2   BANK3   BANK4   BANK5   BANK6   BANK7   BANK8   BANK9  BANK10  BANK11  BANK12  BANK13  BANK14  BANK15
      Params:         0       0       0       0       0       0       0       0       0       0       0       0       0       0       0       0       0
      Locals:         2       0       0       0       0       0       0       0       0       0       0       0       0       0       0       0       0
      Temps:          0       0       0       0       0       0       0       0       0       0       0       0       0       0       0       0       0
      Totals:         2       0       0       0       0       0       0       0       0       0       0       0       0       0       0       0       0
Total ram usage:        2 bytes
 Hardware stack levels used:    1
 Hardware stack levels required when called:    4
 This function calls:
		Nothing
 This function is called by:
		_lcdInst
		_putch
 This function uses a non-reentrant model


 *************** function _I2C_Master_Init *****************
 Defined at:
		line 14 in file "I2C.c"
 Parameters:    Size  Location     Type
  clockFreq       4    0[BANK0 ] const unsigned long 
 Auto vars:     Size  Location     Type
		None
 Return value:  Size  Location     Type
                  1    wreg      void 
 Registers used:
		wreg, status,2, status,0, cstack
 Tracked objects:
		On entry : 
		On exit  : 
		Unchanged: 
 Data sizes:     COMRAM   BANK0   BANK1   BANK2   BANK3   BANK4   BANK5   BANK6   BANK7   BANK8   BANK9  BANK10  BANK11  BANK12  BANK13  BANK14  BANK15
      Params:         0       4       0       0       0       0       0       0       0       0       0       0       0       0       0       0       0
      Locals:         0       0       0       0       0       0       0       0       0       0       0       0       0       0       0       0       0
      Temps:          0       4       0       0       0       0       0       0       0       0       0       0       0       0       0       0       0
      Totals:         0       8       0       0       0       0       0       0       0       0       0       0       0       0       0       0       0
Total ram usage:        8 bytes
 Hardware stack levels used:    1
 Hardware stack levels required when called:    5
 This function calls:
		___lldiv
 This function is called by:
		_main
 This function uses a non-reentrant model


 *************** function ___lldiv *****************
 Defined at:
		line 8 in file "C:\Program Files (x86)\Microchip\xc8\v1.45\sources\common\lldiv.c"
 Parameters:    Size  Location     Type
  dividend        4   38[COMRAM] unsigned long 
  divisor         4   42[COMRAM] unsigned long 
 Auto vars:     Size  Location     Type
  quotient        4   46[COMRAM] unsigned long 
  counter         1   50[COMRAM] unsigned char 
 Return value:  Size  Location     Type
                  4   38[COMRAM] unsigned long 
 Registers used:
		wreg, status,2, status,0
 Tracked objects:
		On entry : 
		On exit  : 
		Unchanged: 
 Data sizes:     COMRAM   BANK0   BANK1   BANK2   BANK3   BANK4   BANK5   BANK6   BANK7   BANK8   BANK9  BANK10  BANK11  BANK12  BANK13  BANK14  BANK15
      Params:         8       0       0       0       0       0       0       0       0       0       0       0       0       0       0       0       0
      Locals:         5       0       0       0       0       0       0       0       0       0       0       0       0       0       0       0       0
      Temps:          0       0       0       0       0       0       0       0       0       0       0       0       0       0       0       0       0
      Totals:        13       0       0       0       0       0       0       0       0       0       0       0       0       0       0       0       0
Total ram usage:       13 bytes
 Hardware stack levels used:    1
 Hardware stack levels required when called:    4
 This function calls:
		Nothing
 This function is called by:
		_I2C_Master_Init
		__doprnt
 This function uses a non-reentrant model


 *************** function _interruptHandler *****************
 Defined at:
		line 212 in file "main.c"
 Parameters:    Size  Location     Type
		None
 Auto vars:     Size  Location     Type
		None
 Return value:  Size  Location     Type
                  1    wreg      void 
 Registers used:
		wreg, status,2, status,0, cstack
 Tracked objects:
		On entry : 
		On exit  : 
		Unchanged: 
 Data sizes:     COMRAM   BANK0   BANK1   BANK2   BANK3   BANK4   BANK5   BANK6   BANK7   BANK8   BANK9  BANK10  BANK11  BANK12  BANK13  BANK14  BANK15
      Params:         0       0       0       0       0       0       0       0       0       0       0       0       0       0       0       0       0
      Locals:         0       0       0       0       0       0       0       0       0       0       0       0       0       0       0       0       0
      Temps:         18       0       0       0       0       0       0       0       0       0       0       0       0       0       0       0       0
      Totals:        18       0       0       0       0       0       0       0       0       0       0       0       0       0       0       0       0
Total ram usage:       18 bytes
 Hardware stack levels used:    1
 Hardware stack levels required when called:    3
 This function calls:
		_tmr0_ISR
 This function is called by:
		Interrupt level 2
 This function uses a non-reentrant model


 *************** function _tmr0_ISR *****************
 Defined at:
		line 86 in file "timer.c"
 Parameters:    Size  Location     Type
		None
 Auto vars:     Size  Location     Type
		None
 Return value:  Size  Location     Type
                  1    wreg      void 
 Registers used:
		wreg, status,2, status,0, cstack
 Tracked objects:
		On entry : 
		On exit  : 
		Unchanged: 
 Data sizes:     COMRAM   BANK0   BANK1   BANK2   BANK3   BANK4   BANK5   BANK6   BANK7   BANK8   BANK9  BANK10  BANK11  BANK12  BANK13  BANK14  BANK15
      Params:         0       0       0       0       0       0       0       0       0       0       0       0       0       0       0       0       0
      Locals:         0       0       0       0       0       0       0       0       0       0       0       0       0       0       0       0       0
      Temps:          0       0       0       0       0       0       0       0       0       0       0       0       0       0       0       0       0
      Totals:         0       0       0       0       0       0       0       0       0       0       0       0       0       0       0       0       0
Total ram usage:        0 bytes
 Hardware stack levels used:    1
 Hardware stack levels required when called:    2
 This function calls:
		___ftadd
 This function is called by:
		_interruptHandler
 This function uses a non-reentrant model


 *************** function ___ftadd *****************
 Defined at:
		line 86 in file "C:\Program Files (x86)\Microchip\xc8\v1.45\sources\common\ftadd.c"
 Parameters:    Size  Location     Type
  f1              3    8[COMRAM] float 
  f2              3   11[COMRAM] float 
 Auto vars:     Size  Location     Type
  exp1            1   19[COMRAM] unsigned char 
  exp2            1   18[COMRAM] unsigned char 
  sign            1   17[COMRAM] unsigned char 
 Return value:  Size  Location     Type
                  3    8[COMRAM] float 
 Registers used:
		wreg, status,2, status,0, cstack
 Tracked objects:
		On entry : 
		On exit  : 
		Unchanged: 
 Data sizes:     COMRAM   BANK0   BANK1   BANK2   BANK3   BANK4   BANK5   BANK6   BANK7   BANK8   BANK9  BANK10  BANK11  BANK12  BANK13  BANK14  BANK15
      Params:         6       0       0       0       0       0       0       0       0       0       0       0       0       0       0       0       0
      Locals:         3       0       0       0       0       0       0       0       0       0       0       0       0       0       0       0       0
      Temps:          3       0       0       0       0       0       0       0       0       0       0       0       0       0       0       0       0
      Totals:        12       0       0       0       0       0       0       0       0       0       0       0       0       0       0       0       0
Total ram usage:       12 bytes
 Hardware stack levels used:    1
 Hardware stack levels required when called:    1
 This function calls:
		___ftpack
 This function is called by:
		_tmr0_ISR
 This function uses a non-reentrant model


 *************** function ___ftpack *****************
 Defined at:
		line 62 in file "C:\Program Files (x86)\Microchip\xc8\v1.45\sources\common\float.c"
 Parameters:    Size  Location     Type
  arg             3    0[COMRAM] unsigned um
  exp             1    3[COMRAM] unsigned char 
  sign            1    4[COMRAM] unsigned char 
 Auto vars:     Size  Location     Type
		None
 Return value:  Size  Location     Type
                  3    0[COMRAM] float 
 Registers used:
		wreg, status,2, status,0
 Tracked objects:
		On entry : 
		On exit  : 
		Unchanged: 
 Data sizes:     COMRAM   BANK0   BANK1   BANK2   BANK3   BANK4   BANK5   BANK6   BANK7   BANK8   BANK9  BANK10  BANK11  BANK12  BANK13  BANK14  BANK15
      Params:         5       0       0       0       0       0       0       0       0       0       0       0       0       0       0       0       0
      Locals:         0       0       0       0       0       0       0       0       0       0       0       0       0       0       0       0       0
      Temps:          3       0       0       0       0       0       0       0       0       0       0       0       0       0       0       0       0
      Totals:         8       0       0       0       0       0       0       0       0       0       0       0       0       0       0       0       0
Total ram usage:        8 bytes
 Hardware stack levels used:    1
 This function calls:
		Nothing
 This function is called by:
		___ftadd
 This function uses a non-reentrant model



MODULE INFORMATION

Module		Function		Class		Link	Load	Size
C:\Program Files (x86)\Microchip\xc8\v1.45\sources\common\float.c
		___ftpack      		CODE           	1E6C	0000	175

C:\Program Files (x86)\Microchip\xc8\v1.45\sources\common\float.c estimated size: 175

C:\Program Files (x86)\Microchip\xc8\v1.45\sources\common\doprnt.c
		__doprnt       		CODE           	0704	0000	1093

C:\Program Files (x86)\Microchip\xc8\v1.45\sources\common\doprnt.c estimated size: 1093

motors.c
		_motorControl  		CODE           	1DB4	0000	185

motors.c estimated size: 185

C:\Program Files (x86)\Microchip\xc8\v1.45\sources\common\Umul16.c
		___wmul        		CODE           	275A	0000	39

C:\Program Files (x86)\Microchip\xc8\v1.45\sources\common\Umul16.c estimated size: 39

timer.c
		_tock          		CODE           	2844	0000	15
		_tmr0_ISR      		CODE           	23E4	0000	111
		_tmr0Init      		CODE           	27A4	0000	35
		_tic           		CODE           	2820	0000	19

timer.c estimated size: 180

I2C.c
		_I2C_Master_Read		CODE           	2780	0000	37
		_I2C_Master_Wait		CODE           	2832	0000	19
		_I2C_Master_Init		CODE           	24BA	0000	95
		_I2C_Master_Stop		CODE           	285C	0000	9
		_I2C_Master_Write		CODE           	2852	0000	11
		_I2C_Master_Start		CODE           	2864	0000	9

I2C.c estimated size: 180

C:\Program Files (x86)\Microchip\xc8\v1.45\sources\common\llmod.c
		___llmod       		CODE           	2452	0000	105

C:\Program Files (x86)\Microchip\xc8\v1.45\sources\common\llmod.c estimated size: 105

C:\Program Files (x86)\Microchip\xc8\v1.45\sources\common\sprintf.c
		_sprintf       		CODE           	25B6	0000	69

C:\Program Files (x86)\Microchip\xc8\v1.45\sources\common\sprintf.c estimated size: 69

C:\Program Files (x86)\Microchip\xc8\v1.45\sources\common\printf.c
		_printf        		CODE           	2676	0000	57

C:\Program Files (x86)\Microchip\xc8\v1.45\sources\common\printf.c estimated size: 57

shared
		_assemblyStepEncoding		MEDIUMCONST    	FCB8	0000	6
		_fastenerMatrix		MEDIUMCONST    	FE28	0000	85
		_dpowers       		MEDIUMCONST    	FC6F	0000	41
		_LCD_LEFT      		MEDIUMCONST    	FCBE	0000	2
		_keypadChars   		MEDIUMCONST    	FC97	0000	18
		_errMsgs       		MEDIUMCONST    	FCC4	0000	225
		_inputEntryQuestions		MEDIUMCONST    	FDA4	0000	133
		_LCD_RIGHT     		MEDIUMCONST    	FCBF	0000	2
		__initialization		CODE           	20F2	0000	123
		_LCD_VERT_LIMIT		MEDIUMCONST    	FCC2	0000	2
		_LCD_HORZ_LIMIT		MEDIUMCONST    	FCC3	0000	2
		_LCDMenuIcons  		MEDIUMCONST    	FCA8	0000	17
		_LCD_SIZE_VERT 		MEDIUMCONST    	FCC0	0000	2
		_LCD_SIZE_HORZ 		MEDIUMCONST    	FCC1	0000	2
		_nanoAddr      		MEDIUMCONST    	FCBD	0000	2

shared estimated size: 662

C:\Program Files (x86)\Microchip\xc8\v1.45\sources\common\fttol.c
		___fttol       		CODE           	1CBC	0000	249

C:\Program Files (x86)\Microchip\xc8\v1.45\sources\common\fttol.c estimated size: 249

helpers.c
		_printStringLCD		CODE           	15AE	0000	709
		_pollKeypad    		CODE           	26E0	0000	47
		_I2C_Send      		CODE           	2060	0000	147
		_printErrorLCD 		CODE           	2734	0000	39

helpers.c estimated size: 942

menu.c
		_viewLogs      		CODE           	270E	0000	39
		_hibernate     		CODE           	263A	0000	61
		_inputEntry    		CODE           	0012	0000	1779
		_mainMenu      		CODE           	0F0A	0000	919

menu.c estimated size: 2798

lcd.c
		_putch         		CODE           	27F8	0000	21
		_lcdInst       		CODE           	280C	0000	21
		_lcd_set_cursor		CODE           	25FA	0000	65
		_lcdNibble     		CODE           	227A	0000	127
		_lcd_shift_cursor		CODE           	27C6	0000	29
		_initLCD       		CODE           	256A	0000	77

lcd.c estimated size: 340

C:\Program Files (x86)\Microchip\xc8\v1.45\sources\common\ftadd.c
		___ftadd       		CODE           	1B10	0000	429

C:\Program Files (x86)\Microchip\xc8\v1.45\sources\common\ftadd.c estimated size: 429

C:\Program Files (x86)\Microchip\xc8\v1.45\sources\common\lldiv.c
		___lldiv       		CODE           	21F8	0000	131

C:\Program Files (x86)\Microchip\xc8\v1.45\sources\common\lldiv.c estimated size: 131

main.c
		_packaging     		CODE           	12A0	0000	783
		_packageCompartment		CODE           	0B48	0000	963
		_main          		CODE           	2176	0000	131
		_clearing      		CODE           	1872	0000	671
		_interruptHandler		CODE           	0008	0000	169

main.c estimated size: 2717

RTC.c
		_RTC_getTime   		CODE           	2372	0000	115
		_RTC_getSeconds		CODE           	22F8	0000	123
		_RTC_getOperatingTime		CODE           	2518	0000	83
		_RTC_startOperation		CODE           	27E2	0000	23

RTC.c estimated size: 344

C:\Program Files (x86)\Microchip\xc8\v1.45\sources\common\strcpy.c
		_strcpy        		CODE           	26AE	0000	51

C:\Program Files (x86)\Microchip\xc8\v1.45\sources\common\strcpy.c estimated size: 51

